
<td class="datagrid-cell"><div id="grid__title" class="datagrid-cell-container"><span class="datagrid-cell-value">This is value 1</span></div></td>

<h1>This is column cell theme</h1>